Fetching from Letterboxd...
[Sync] Starting syncAndImport (ignoreCooldown=true)
[Scraper] HTML: found 50 diary-entry-row matches
[Scraper] HTML: diary-entry-row failed, trying data-film-name fallback
[Scraper] HTML: found 0 data-film-name matches
[Scraper] Diary page 0: found 0 entries
[Scraper] Diary page 0: found next page link
[Scraper] HTML: found 50 diary-entry-row matches
[Scraper] HTML: diary-entry-row failed, trying data-film-name fallback
[Scraper] HTML: found 0 data-film-name matches
[Scraper] Diary page 1: found 0 entries
[Scraper] Diary page 1: found next page link
[Scraper] HTML: found 50 diary-entry-row matches
[Scraper] HTML: diary-entry-row failed, trying data-film-name fallback
[Scraper] HTML: found 0 data-film-name matches
[Scraper] Diary page 2: found 0 entries
[Scraper] Diary page 2: found next page link
[Scraper] HTML: found 50 diary-entry-row matches
[Scraper] HTML: diary-entry-row failed, trying data-film-name fallback
[Scraper] HTML: found 0 data-film-name matches
[Scraper] Diary page 3: found 0 entries
[Scraper] Diary page 3: found next page link
[Scraper] HTML: found 50 diary-entry-row matches
[Scraper] HTML: diary-entry-row failed, trying data-film-name fallback
[Scraper] HTML: found 0 data-film-name matches
[Scraper] Diary page 4: found 0 entries
[Scraper] Diary page 4: found next page link
[Scraper] HTML: found 50 diary-entry-row matches
[Scraper] HTML: diary-entry-row failed, trying data-film-name fallback
[Scraper] HTML: found 0 data-film-name matches
[Scraper] Diary page 5: found 0 entries
[Scraper] Diary page 5: found next page link
[Scraper] HTML: found 50 diary-entry-row matches
[Scraper] HTML: diary-entry-row failed, trying data-film-name fallback
[Scraper] HTML: found 0 data-film-name matches
[Scraper] Diary page 6: found 0 entries
[Scraper] Diary page 6: found next page link
[Scraper] HTML: found 6 diary-entry-row matches
[Scraper] HTML: diary-entry-row failed, trying data-film-name fallback
[Scraper] HTML: found 0 data-film-name matches
[Scraper] Diary page 7: found 0 entries
[Scraper] Diary: scraped 0 total unique entries across pages
[Scraper] Diary scraping found no pages, falling back to RSS
[Scraper] Falling back to RSS: https://letterboxd.com/MahaVeerudu/rss/
[Scraper] RSS: scraped 51 entries
[Scraper] Writing 51 scraped entries to CSV: /var/folders/2_/4rytlp8d61dcmb67tch9vc9h0000gn/T/letterboxd-tui-sync-480913145/letterboxd-diary-scrape.csv
[Scraper] Successfully wrote 51/51 entries to CSV
[Sync] Export hash: d35fd220cb3acb3a (file: /var/folders/2_/4rytlp8d61dcmb67tch9vc9h0000gn/T/letterboxd-tui-sync-480913145/letterboxd-diary-scrape.csv)
[Sync] LastExportHash: d35fd220cb3acb3a (empty=false)
[Sync] ✓ Hash matches last sync - skipping import (no new data)

✓ Sync complete!

Import results:
  Films imported:      0
  Films skipped:       0
  Watchlist items:     0

View your data:
  • Lists:        make ui  →  press 1 (Watched Films)
  • Ratings:      make ui  →  press 2 (Ratings Desk)
  • Watchlist:    make ui  →  press 6 (Watchlist)
  • Collections:  make ui  →  press 7 (Collections)
